../Src/my_lib.c:34:20:vfd_update_ccr	24	static
../Src/my_lib.c:53:6:vfd_set_frequency_mhz	32	static
../Src/my_lib.c:63:6:vfd_set_amplitude_q15	16	static
../Src/my_lib.c:72:6:vfd_set_offset_ccr	16	static
../Src/my_lib.c:78:10:vfd_get_frequency_mhz	8	static
../Src/my_lib.c:79:10:vfd_get_amplitude_q15	8	static
../Src/my_lib.c:80:10:vfd_get_offset_ccr	8	static
../Src/my_lib.c:86:6:SystemClock_Config	64	static
../Src/my_lib.c:108:6:GPIO_Config	32	static
../Src/my_lib.c:130:6:TIM1_Config	136	static
../Src/my_lib.c:191:6:USART2_Config	16	static
../Src/my_lib.c:214:9:Hw_Init	8	static
../Src/my_lib.c:237:6:TIM1_BRK_UP_TRG_COM_IRQHandler	8	static
../Src/my_lib.c:247:6:USART2_IRQHandler	8	static
../Src/my_lib.c:252:6:HAL_UART_RxCpltCallback	24	static
../Src/my_lib.c:283:13:uart_send	16	static
../Src/my_lib.c:289:17:parse_u32	24	static
../Src/my_lib.c:301:13:process_line	96	static
../Src/my_lib.c:343:6:vfd_uart_poll	48	static
